// 重构日志: ef210192
// 重构日志: df8ebc46
// 重构日志: 569d2805
// 重构日志: 71e0cee8
// 重构日志: e0c444e2
// 重构日志: fe24810d
// 重构日志: 866fb975
// 重构日志: 564ebcde
// 重构日志: 8aa01bb7
// 重构日志: 95985710
// 同步 ID: fad1945e @ Fri Jul 24 18:26:40 UTC 2026
// 同步 ID: edca97c6 @ Sat Jul 25 07:50:22 UTC 2026
// 同步 ID: 5a9987c4 @ Sat Jul 25 14:59:38 UTC 2026
// 同步 ID: c2635455 @ Sun Jul 26 08:13:46 UTC 2026
// 同步 ID: e98f5e45 @ Sun Jul 26 10:20:34 UTC 2026
// 同步 ID: 98b85049 @ Sun Jul 26 15:49:01 UTC 2026
// 同步 ID: 77aecb65 @ Mon Jul 27 12:50:18 UTC 2026
// 同步 ID: 5da79307 @ Wed Jul 29 05:15:58 UTC 2026
// 重构日志: 9629dfd8
// 重构日志: ed41e799
// 重构日志: e9178aa5
// 同步 ID: bef8123c @ Fri Jul 31 05:26:43 UTC 2026
// 重构日志: aeb8a310
// 重构日志: 90e524f9
// 重构日志: 88ed0f0a
// 重构日志: eca7a9eb
// 同步 ID: 0488c3c5 @ Sun Aug  2 04:53:19 UTC 2026
// 重构日志: 8fdb4902
// 同步 ID: ff423ad0 @ Mon Aug  3 05:23:04 UTC 2026
// 同步 ID: f716cc79 @ Tue Aug  4 04:21:09 UTC 2026
